items checked 260 official + 373 booklet {'coverage_unexplained': 0, 'coverage_dupes': 0, 'selfcontained_fail': 0, 'ctx_mismatch': 0, 'marks_fail': 0, 'ref_not_on_page': 0, 'answers_missing': 0, 'booklet_ref_not_on_page': 0, 'booklet_answer_missing': 2, 'booklet_items_missing': 2}
== pc01_book
931 pages; 631 question headings ( 360 booklet ), 631 answer headings; unit titles [3, 87, 173, 274, 360, 442, 534, 595, 679, 764, 857]
== pc02_threeway
book Q 631 A 631 index rows 631 items.jsonl 631 | failures Counter({'in book not index.csv': 11, 'in index.csv not book': 11, 'in book not items.jsonl': 11, 'in items.jsonl not book': 11, 'booklet text not labelled OCR': 11, 'official item after booklet items': 11})
  {'kind': 'in book not index.csv', 'detail': ('O/N 15/P21/Q3', 136, 2, 'official')}
  {'kind': 'in book not index.csv', 'detail': ('O/N 15/P23/Q3', 138, 2, 'official')}
  {'kind': 'in book not index.csv', 'detail': ('M/J 19/P21/Q2', 227, 3, 'official')}
  {'kind': 'in book not index.csv', 'detail': ('MAR 19/P22/Q3', 229, 3, 'official')}
  {'kind': 'in book not index.csv', 'detail': ('O/N 18/P22/Q3', 230, 3, 'official')}
  {'kind': 'in book not index.csv', 'detail': ('O/N 18/P23/Q1', 499, 6, 'official')}
  {'kind': 'in book not index.csv', 'detail': ('M/J 18/P21/Q2', 499, 6, 'official')}
  {'kind': 'in book not index.csv', 'detail': ('MAR 23/P22/Q7', 878, 11, 'official')}
  {'kind': 'in book not index.csv', 'detail': ('O/N 22/P22/Q7', 879, 11, 'official')}
  {'kind': 'in book not index.csv', 'detail': ('O/N 22/P21/Q6', 880, 11, 'official')}
  {'kind': 'in book not index.csv', 'detail': ('O/N 22/P23/Q6', 881, 11, 'official')}
  {'kind': 'in index.csv not book', 'detail': ('MAR 23/P22/Q7', 878, 11, 'booklet')}
  {'kind': 'in index.csv not book', 'detail': ('O/N 22/P22/Q7', 879, 11, 'booklet')}
  {'kind': 'in index.csv not book', 'detail': ('O/N 22/P21/Q6', 880, 11, 'booklet')}
  {'kind': 'in index.csv not book', 'detail': ('O/N 22/P23/Q6', 881, 11, 'booklet')}
== pc03_partb
Traceback (most recent call last):
  File "/home/user/topical-past-papers/audit/physics/pc03_partb.py", line 130, in <module>
    leaves = list(qp_all[k]['parts'].get(q, {}).keys())
                  ~~~~~~^^^
KeyError: 'w15_21'
== pc04_structure
contents_entries : 24
contents_match : True
unit_names : ['Physical quantities and units', 'Kinematics', 'Dynamics', 'Forces, density and pressure', 'Work, energy and power', 'Deformation of solids', 'Waves', 'Superposition', 'Electricity', 'D.C. circuits', 'Particle physics']
pages_bad_header : 0
bad_header_examples : []
pages_bad_number : 0
branding_hits : []
newest_first_violations : 0
order_examples : []
bookmarks : 25
bookmarks_ok : True
appendix_has_data_and_formulae : True
contents_fail : []
== pc05_bands
bands 5253
source pages placed 1037 ; low-overlap mappings 7 [(13397, {'match': ('/home/user/topical-past-papers/Ω-physics/booklet-ocr.pdf', 109), 'overlap': 0.667}), (13433, {'match': ('/home/user/topical-past-papers/Ω-physics/booklet-ocr.pdf', 321), 'overlap': 0.737}), (13439, {'match': ('/home/user/topical-past-papers/Ω-physics/booklet-ocr.pdf', 172), 'overlap': 0.6}), (13494, {'match': ('/home/user/topical-past-papers/Ω-physics/booklet-ocr.pdf', 322), 'overlap': 0.525}), (13528, {'match': ('/home/user/topical-past-papers/Ω-physics/booklet-ocr.pdf', 322), 'overlap': 0.654})]
bands without item 0 (appendix)
== pc06_crops
Traceback (most recent call last):
  File "/home/user/topical-past-papers/audit/physics/pc06_crops.py", line 115, in <module>
    num2key[(BI[k]['topic'], v)] = k
             ~~^^^
KeyError: 'B3-25'
== pc07_selfcontained
official items 271 with issues 0
== pc08_files
Physics-9702-P2-Topical-Workbook.pdf|qpdf:errors that qpdf cannot detect|fonts:501|not_embedded:32|bytes:32396327|pages:931
Unit-01-Physical-quantities-and-units.pdf|qpdf:errors that qpdf cannot detect|fonts:182|not_embedded:21|bytes:4612936|pages:84
Unit-02-Kinematics.pdf|qpdf:errors that qpdf cannot detect|fonts:203|not_embedded:24|bytes:4987413|pages:86
Unit-03-Dynamics.pdf|qpdf:errors that qpdf cannot detect|fonts:265|not_embedded:25|bytes:5575101|pages:101
Unit-04-Forces-density-and-pressure.pdf|qpdf:errors that qpdf cannot detect|fonts:194|not_embedded:24|bytes:5283591|pages:86
Unit-05-Work-energy-and-power.pdf|qpdf:errors that qpdf cannot detect|fonts:168|not_embedded:19|bytes:4261599|pages:82
Unit-06-Deformation-of-solids.pdf|qpdf:errors that qpdf cannot detect|fonts:259|not_embedded:26|bytes:5636700|pages:92
Unit-07-Waves.pdf|qpdf:errors that qpdf cannot detect|fonts:204|not_embedded:25|bytes:3765951|pages:61
Unit-08-Superposition.pdf|qpdf:errors that qpdf cannot detect|fonts:214|not_embedded:24|bytes:5137368|pages:84
Unit-09-Electricity.pdf|qpdf:errors that qpdf cannot detect|fonts:203|not_embedded:24|bytes:4376285|pages:85
Unit-10-DC-circuits.pdf|qpdf:errors that qpdf cannot detect|fonts:228|not_embedded:21|bytes:4638845|pages:93
Unit-11-Particle-physics.pdf|qpdf:errors that qpdf cannot detect|fonts:210|not_embedded:31|bytes:3593094|pages:64
booklet-ocr.pdf|qpdf:errors that qpdf cannot detect|fonts:1|not_embedded:0|bytes:24092132|pages:550
